Execution failed on sql 'SELECT * FROM sentiment WHERE tweet LIKE ? ORDER BY unix DESC LIMIT 1000': no such table: sentiment
Execution failed on sql 'SELECT * FROM sentiment WHERE tweet LIKE ? ORDER BY unix DESC LIMIT 1000': no such table: sentiment
Execution failed on sql 'SELECT * FROM sentiment WHERE tweet LIKE ? ORDER BY unix DESC LIMIT 1000': no such table: sentiment
Execution failed on sql 'SELECT * FROM sentiment WHERE tweet LIKE ? ORDER BY unix DESC LIMIT 1000': no such table: sentiment
Execution failed on sql 'SELECT * FROM sentiment WHERE tweet LIKE ? ORDER BY unix DESC LIMIT 1000': no such table: sentiment
Execution failed on sql 'SELECT * FROM sentiment WHERE tweet LIKE ? ORDER BY unix DESC LIMIT 1000': no such table: sentiment
Execution failed on sql 'SELECT * FROM sentiment WHERE tweet LIKE ? ORDER BY unix DESC LIMIT 1000': no such table: sentiment
Execution failed on sql 'SELECT * FROM sentiment WHERE tweet LIKE ? ORDER BY unix DESC LIMIT 1000': no such table: sentiment
Execution failed on sql 'SELECT * FROM sentiment WHERE tweet LIKE ? ORDER BY unix DESC LIMIT 1000': no such table: sentiment
Execution failed on sql 'SELECT * FROM sentiment WHERE tweet LIKE ? ORDER BY unix DESC LIMIT 1000': no such table: sentiment
Execution failed on sql 'SELECT * FROM sentiment WHERE tweet LIKE ? ORDER BY unix DESC LIMIT 1000': no such table: sentiment
Execution failed on sql 'SELECT * FROM sentiment WHERE tweet LIKE ? ORDER BY unix DESC LIMIT 1000': no such table: sentiment
Execution failed on sql 'SELECT * FROM sentiment WHERE tweet LIKE ? ORDER BY unix DESC LIMIT 1000': no such table: sentiment
Execution failed on sql 'SELECT * FROM sentiment WHERE tweet LIKE ? ORDER BY unix DESC LIMIT 1000': no such table: sentiment
Execution failed on sql 'SELECT * FROM sentiment WHERE tweet LIKE ? ORDER BY unix DESC LIMIT 1000': no such table: sentiment
Execution failed on sql 'SELECT * FROM sentiment WHERE tweet LIKE ? ORDER BY unix DESC LIMIT 1000': no such table: sentiment
Execution failed on sql 'SELECT * FROM sentiment WHERE tweet LIKE ? ORDER BY unix DESC LIMIT 1000': no such table: sentiment
Execution failed on sql 'SELECT * FROM sentiment WHERE tweet LIKE ? ORDER BY unix DESC LIMIT 1000': no such table: sentiment
Execution failed on sql 'SELECT * FROM sentiment WHERE tweet LIKE ? ORDER BY unix DESC LIMIT 1000': no such table: sentiment
Execution failed on sql 'SELECT * FROM sentiment WHERE tweet LIKE ? ORDER BY unix DESC LIMIT 1000': no such table: sentiment
Execution failed on sql 'SELECT * FROM sentiment WHERE tweet LIKE ? ORDER BY unix DESC LIMIT 1000': no such table: sentiment
Execution failed on sql 'SELECT * FROM sentiment WHERE tweet LIKE ? ORDER BY unix DESC LIMIT 1000': no such table: sentiment
Execution failed on sql 'SELECT * FROM sentiment WHERE tweet LIKE ? ORDER BY unix DESC LIMIT 1000': no such table: sentiment
Execution failed on sql 'SELECT * FROM sentiment WHERE tweet LIKE ? ORDER BY unix DESC LIMIT 1000': no such table: sentiment
Execution failed on sql 'SELECT * FROM sentiment WHERE tweet LIKE ? ORDER BY unix DESC LIMIT 1000': no such table: sentiment
Execution failed on sql 'SELECT * FROM sentiment WHERE tweet LIKE ? ORDER BY unix DESC LIMIT 1000': no such table: sentiment
Execution failed on sql 'SELECT * FROM sentiment WHERE tweet LIKE ? ORDER BY unix DESC LIMIT 1000': no such table: sentiment
Execution failed on sql 'SELECT * FROM sentiment WHERE tweet LIKE ? ORDER BY unix DESC LIMIT 1000': no such table: sentiment
Execution failed on sql 'SELECT * FROM sentiment WHERE tweet LIKE ? ORDER BY unix DESC LIMIT 1000': no such table: sentiment
Execution failed on sql 'SELECT * FROM sentiment WHERE tweet LIKE ? ORDER BY unix DESC LIMIT 1000': no such table: sentiment
Execution failed on sql 'SELECT * FROM sentiment WHERE tweet LIKE ? ORDER BY unix DESC LIMIT 1000': no such table: sentiment
Execution failed on sql 'SELECT * FROM sentiment WHERE tweet LIKE ? ORDER BY unix DESC LIMIT 1000': no such table: sentiment
Execution failed on sql 'SELECT * FROM sentiment WHERE tweet LIKE ? ORDER BY unix DESC LIMIT 1000': no such table: sentiment
Execution failed on sql 'SELECT * FROM sentiment WHERE tweet LIKE ? ORDER BY unix DESC LIMIT 1000': no such table: sentiment
Execution failed on sql 'SELECT * FROM sentiment WHERE tweet LIKE ? ORDER BY unix DESC LIMIT 1000': no such table: sentiment
Execution failed on sql 'SELECT * FROM sentiment WHERE tweet LIKE ? ORDER BY unix DESC LIMIT 1000': no such table: sentiment
Execution failed on sql 'SELECT * FROM sentiment WHERE tweet LIKE ? ORDER BY unix DESC LIMIT 1000': no such table: sentiment
Execution failed on sql 'SELECT * FROM sentiment WHERE tweet LIKE ? ORDER BY unix DESC LIMIT 1000': no such table: sentiment
Execution failed on sql 'SELECT * FROM sentiment WHERE tweet LIKE ? ORDER BY unix DESC LIMIT 1000': no such table: sentiment
Execution failed on sql 'SELECT * FROM sentiment WHERE tweet LIKE ? ORDER BY unix DESC LIMIT 1000': no such table: sentiment
Execution failed on sql 'SELECT * FROM sentiment WHERE tweet LIKE ? ORDER BY unix DESC LIMIT 1000': no such table: sentiment
Execution failed on sql 'SELECT * FROM sentiment WHERE tweet LIKE ? ORDER BY unix DESC LIMIT 1000': no such table: sentiment
Execution failed on sql 'SELECT * FROM sentiment WHERE tweet LIKE ? ORDER BY unix DESC LIMIT 1000': no such table: sentiment
Execution failed on sql 'SELECT * FROM sentiment WHERE tweet LIKE ? ORDER BY unix DESC LIMIT 1000': no such table: sentiment
Execution failed on sql 'SELECT * FROM sentiment WHERE tweet LIKE ? ORDER BY unix DESC LIMIT 1000': no such table: sentiment
Execution failed on sql 'SELECT * FROM sentiment WHERE tweet LIKE ? ORDER BY unix DESC LIMIT 1000': no such table: sentiment
Execution failed on sql 'SELECT * FROM sentiment WHERE tweet LIKE ? ORDER BY unix DESC LIMIT 1000': no such table: sentiment
Execution failed on sql 'SELECT * FROM sentiment WHERE tweet LIKE ? ORDER BY unix DESC LIMIT 1000': no such table: sentiment
Execution failed on sql 'SELECT * FROM sentiment WHERE tweet LIKE ? ORDER BY unix DESC LIMIT 1000': no such table: sentiment
Execution failed on sql 'SELECT * FROM sentiment WHERE tweet LIKE ? ORDER BY unix DESC LIMIT 1000': no such table: sentiment
'numpy.ndarray' object has no attribute 'style'
'numpy.ndarray' object has no attribute 'style'
'numpy.ndarray' object has no attribute 'style'
'numpy.ndarray' object has no attribute 'style'
'numpy.ndarray' object has no attribute 'style'
'numpy.ndarray' object has no attribute 'style'
'<' not supported between instances of 'str' and 'int'
'<' not supported between instances of 'str' and 'int'
'<' not supported between instances of 'str' and 'int'
'<' not supported between instances of 'str' and 'int'
'<' not supported between instances of 'str' and 'int'
'<' not supported between instances of 'str' and 'int'
'<' not supported between instances of 'str' and 'int'
'<' not supported between instances of 'str' and 'int'
'<' not supported between instances of 'str' and 'int'
'<' not supported between instances of 'str' and 'int'
'<' not supported between instances of 'str' and 'int'
'<' not supported between instances of 'str' and 'int'
'<' not supported between instances of 'str' and 'int'
'<' not supported between instances of 'str' and 'int'
'<' not supported between instances of 'str' and 'int'
'Series' object has no attribute 'style'
'Series' object has no attribute 'style'
'Series' object has no attribute 'style'
'Series' object has no attribute 'style'
'Series' object has no attribute 'style'
'Series' object has no attribute 'style'
'Series' object has no attribute 'style'
'Series' object has no attribute 'style'
'Series' object has no attribute 'style'
'Series' object has no attribute 'style'
'Series' object has no attribute 'style'
'Series' object has no attribute 'style'
'Series' object has no attribute 'style'
'Series' object has no attribute 'style'
'Series' object has no attribute 'style'
'Series' object has no attribute 'style'
'Series' object has no attribute 'style'
'Series' object has no attribute 'style'
'Series' object has no attribute 'style'
'Series' object has no attribute 'style'
'Series' object has no attribute 'style'
'Series' object has no attribute 'style'
'Series' object has no attribute 'style'
'Series' object has no attribute 'style'
'Series' object has no attribute 'style'
'Series' object has no attribute 'style'
'Series' object has no attribute 'style'
'Series' object has no attribute 'style'
'Series' object has no attribute 'style'
'Series' object has no attribute 'style'
'Series' object has no attribute 'style'
'Series' object has no attribute 'style'
'Series' object has no attribute 'style'
'Series' object has no attribute 'style'
'Series' object has no attribute 'style'
'Series' object has no attribute 'style'
'Series' object has no attribute 'style'
'Series' object has no attribute 'style'
'Series' object has no attribute 'style'
'Series' object has no attribute 'style'
'Series' object has no attribute 'style'
'Series' object has no attribute 'style'
'Series' object has no attribute 'style'
'Series' object has no attribute 'style'
'Series' object has no attribute 'style'
'Series' object has no attribute 'style'
'Series' object has no attribute 'style'
'Series' object has no attribute 'style'
'Series' object has no attribute 'style'
'Series' object has no attribute 'style'
'Series' object has no attribute 'style'
'Series' object has no attribute 'style'
'Series' object has no attribute 'style'
'Series' object has no attribute 'style'
'Series' object has no attribute 'style'
'Series' object has no attribute 'style'
'Series' object has no attribute 'style'
'Series' object has no attribute 'style'
'Series' object has no attribute 'style'
'Series' object has no attribute 'style'
'Series' object has no attribute 'style'
'Series' object has no attribute 'style'
'Series' object has no attribute 'style'
'Series' object has no attribute 'style'
'Series' object has no attribute 'style'
'Series' object has no attribute 'style'
'Series' object has no attribute 'style'
'Series' object has no attribute 'style'
'Series' object has no attribute 'style'
'Series' object has no attribute 'style'
'Series' object has no attribute 'style'
'Series' object has no attribute 'style'
'Series' object has no attribute 'style'
'Series' object has no attribute 'style'
'Series' object has no attribute 'style'
'Series' object has no attribute 'style'
'Series' object has no attribute 'style'
'Series' object has no attribute 'style'
'Series' object has no attribute 'style'
'Series' object has no attribute 'style'
'Series' object has no attribute 'style'
'Series' object has no attribute 'style'
'Series' object has no attribute 'style'
'Series' object has no attribute 'style'
'Series' object has no attribute 'style'
'Series' object has no attribute 'style'
'Series' object has no attribute 'style'
'Series' object has no attribute 'style'
'Series' object has no attribute 'style'
'Series' object has no attribute 'style'
'Series' object has no attribute 'style'
'Series' object has no attribute 'style'
'Series' object has no attribute 'style'
'Series' object has no attribute 'style'
'Series' object has no attribute 'style'
'Series' object has no attribute 'style'
'Series' object has no attribute 'style'
'Series' object has no attribute 'style'
'Series' object has no attribute 'style'
'Series' object has no attribute 'style'
'Series' object has no attribute 'style'
'Series' object has no attribute 'style'
'Series' object has no attribute 'style'
'Series' object has no attribute 'style'
'Series' object has no attribute 'style'
'Series' object has no attribute 'style'
'Series' object has no attribute 'style'
'Series' object has no attribute 'style'
'Series' object has no attribute 'style'
'Series' object has no attribute 'style'
'Series' object has no attribute 'style'
'Series' object has no attribute 'style'
'Series' object has no attribute 'style'
'Series' object has no attribute 'style'
'Series' object has no attribute 'style'
'Series' object has no attribute 'style'
'Series' object has no attribute 'style'
'Series' object has no attribute 'style'
'Series' object has no attribute 'style'
'Series' object has no attribute 'style'
'Series' object has no attribute 'style'
'Series' object has no attribute 'style'
'Series' object has no attribute 'style'
'Series' object has no attribute 'style'
'Series' object has no attribute 'style'
'Series' object has no attribute 'style'
'Series' object has no attribute 'style'
'Series' object has no attribute 'style'
'Series' object has no attribute 'style'
'Series' object has no attribute 'style'
'Series' object has no attribute 'style'
'Series' object has no attribute 'style'
'Series' object has no attribute 'style'
'Series' object has no attribute 'style'
'Series' object has no attribute 'style'
'Series' object has no attribute 'style'
'Series' object has no attribute 'style'
'Series' object has no attribute 'style'
'Series' object has no attribute 'style'
'Series' object has no attribute 'style'
'Series' object has no attribute 'style'
'Series' object has no attribute 'style'
'Series' object has no attribute 'style'
'Series' object has no attribute 'style'
'Series' object has no attribute 'style'
'Series' object has no attribute 'style'
'Series' object has no attribute 'style'
'Series' object has no attribute 'style'
'Series' object has no attribute 'style'
'Series' object has no attribute 'style'
'Series' object has no attribute 'style'
'Series' object has no attribute 'style'
'Series' object has no attribute 'style'
'Series' object has no attribute 'style'
'Series' object has no attribute 'style'
'Series' object has no attribute 'style'
'Series' object has no attribute 'style'
'Series' object has no attribute 'style'
'Series' object has no attribute 'style'
'Series' object has no attribute 'style'
'Series' object has no attribute 'style'
'Series' object has no attribute 'style'
'Series' object has no attribute 'style'
'Series' object has no attribute 'style'
'Series' object has no attribute 'style'
'Series' object has no attribute 'style'
'Series' object has no attribute 'style'
'Series' object has no attribute 'style'
'Series' object has no attribute 'style'
'Series' object has no attribute 'style'
'Series' object has no attribute 'style'
'Series' object has no attribute 'style'
'Series' object has no attribute 'style'
'Series' object has no attribute 'style'
'Series' object has no attribute 'style'
'Series' object has no attribute 'style'
'Series' object has no attribute 'style'
'Series' object has no attribute 'style'
'Series' object has no attribute 'style'
'Series' object has no attribute 'style'
'Series' object has no attribute 'style'
'Series' object has no attribute 'style'
'Series' object has no attribute 'style'
'Series' object has no attribute 'style'
'Series' object has no attribute 'style'
'Series' object has no attribute 'style'
'Series' object has no attribute 'style'
'Series' object has no attribute 'style'
'Series' object has no attribute 'style'
'Series' object has no attribute 'style'
'Series' object has no attribute 'style'
'Series' object has no attribute 'style'
'Series' object has no attribute 'style'
'Series' object has no attribute 'style'
'Series' object has no attribute 'style'
'Series' object has no attribute 'style'
'Series' object has no attribute 'style'
'Series' object has no attribute 'style'
'Series' object has no attribute 'style'
'Series' object has no attribute 'style'
'Series' object has no attribute 'style'
'Series' object has no attribute 'style'
'Series' object has no attribute 'style'
'Series' object has no attribute 'style'
'Series' object has no attribute 'style'
'Series' object has no attribute 'style'
Execution failed on sql 'SELECT * FROM sentiment WHERE tweet LIKE ? ORDER BY unix DESC LIMIT 1000': database is locked
Execution failed on sql 'SELECT * FROM sentiment WHERE tweet LIKE ? ORDER BY unix DESC LIMIT 1000': database is locked
Execution failed on sql 'SELECT * FROM sentiment WHERE tweet LIKE ? ORDER BY unix DESC LIMIT 1000': database is locked
Execution failed on sql 'SELECT * FROM sentiment WHERE tweet LIKE ? ORDER BY unix DESC LIMIT 1000': database is locked
Execution failed on sql 'SELECT * FROM sentiment WHERE tweet LIKE ? ORDER BY unix DESC LIMIT 1000': database is locked
Execution failed on sql 'SELECT * FROM sentiment WHERE tweet LIKE ? ORDER BY unix DESC LIMIT 1000': database is locked
Execution failed on sql 'SELECT * FROM sentiment WHERE tweet LIKE ? ORDER BY unix DESC LIMIT 1000': database is locked
Execution failed on sql 'SELECT * FROM sentiment WHERE tweet LIKE ? ORDER BY unix DESC LIMIT 1000': database is locked
Execution failed on sql 'SELECT * FROM sentiment WHERE tweet LIKE ? ORDER BY unix DESC LIMIT 1000': database is locked
Execution failed on sql 'SELECT * FROM sentiment WHERE tweet LIKE ? ORDER BY unix DESC LIMIT 1000': database is locked
Execution failed on sql 'SELECT * FROM sentiment WHERE tweet LIKE ? ORDER BY unix DESC LIMIT 1000': database is locked
Execution failed on sql 'SELECT * FROM sentiment WHERE tweet LIKE ? ORDER BY unix DESC LIMIT 1000': database is locked
Execution failed on sql 'SELECT * FROM sentiment WHERE tweet LIKE ? ORDER BY unix DESC LIMIT 1000': database is locked
Execution failed on sql 'SELECT * FROM sentiment WHERE tweet LIKE ? ORDER BY unix DESC LIMIT 1000': database is locked
Execution failed on sql 'SELECT * FROM sentiment WHERE tweet LIKE ? ORDER BY unix DESC LIMIT 1000': database is locked
Execution failed on sql 'SELECT * FROM sentiment WHERE tweet LIKE ? ORDER BY unix DESC LIMIT 1000': database is locked
Execution failed on sql 'SELECT * FROM sentiment WHERE tweet LIKE ? ORDER BY unix DESC LIMIT 1000': database is locked
Execution failed on sql 'SELECT * FROM sentiment WHERE tweet LIKE ? ORDER BY unix DESC LIMIT 1000': database is locked
Execution failed on sql 'SELECT * FROM sentiment WHERE tweet LIKE ? ORDER BY unix DESC LIMIT 1000': database is locked
Execution failed on sql 'SELECT * FROM sentiment WHERE tweet LIKE ? ORDER BY unix DESC LIMIT 1000': database is locked
Execution failed on sql 'SELECT * FROM sentiment WHERE tweet LIKE ? ORDER BY unix DESC LIMIT 1000': database is locked
Execution failed on sql 'SELECT * FROM sentiment WHERE tweet LIKE ? ORDER BY unix DESC LIMIT 1000': database is locked
Execution failed on sql 'SELECT * FROM sentiment WHERE tweet LIKE ? ORDER BY unix DESC LIMIT 1000': database is locked
Execution failed on sql 'SELECT * FROM sentiment WHERE tweet LIKE ? ORDER BY unix DESC LIMIT 1000': database is locked
Execution failed on sql 'SELECT * FROM sentiment WHERE tweet LIKE ? ORDER BY unix DESC LIMIT 1000': database is locked
Execution failed on sql 'SELECT * FROM sentiment WHERE tweet LIKE ? ORDER BY unix DESC LIMIT 1000': database is locked
Execution failed on sql 'SELECT * FROM sentiment WHERE tweet LIKE ? ORDER BY unix DESC LIMIT 1000': database is locked
Execution failed on sql 'SELECT * FROM sentiment WHERE tweet LIKE ? ORDER BY unix DESC LIMIT 1000': database is locked
Execution failed on sql 'SELECT * FROM sentiment WHERE tweet LIKE ? ORDER BY unix DESC LIMIT 1000': database is locked
Execution failed on sql 'SELECT * FROM sentiment WHERE tweet LIKE ? ORDER BY unix DESC LIMIT 1000': database is locked
Execution failed on sql 'SELECT * FROM sentiment WHERE tweet LIKE ? ORDER BY unix DESC LIMIT 1000': database is locked
Execution failed on sql 'SELECT * FROM sentiment WHERE tweet LIKE ? ORDER BY unix DESC LIMIT 1000': database is locked
Execution failed on sql 'SELECT * FROM sentiment WHERE tweet LIKE ? ORDER BY unix DESC LIMIT 1000': database is locked
Execution failed on sql 'SELECT * FROM sentiment WHERE tweet LIKE ? ORDER BY unix DESC LIMIT 1000': database is locked
unable to open database file
unable to open database file
unable to open database file
unable to open database file
unable to open database file
unable to open database file
unable to open database file
unable to open database file
unable to open database file
unable to open database file
unable to open database file
unable to open database file
unable to open database file
unable to open database file
unable to open database file
unable to open database file
Execution failed on sql 'SELECT * FROM sentiment WHERE tweet LIKE ? ORDER BY unix DESC LIMIT 1000': database is locked
Execution failed on sql 'SELECT * FROM sentiment WHERE tweet LIKE ? ORDER BY unix DESC LIMIT 1000': database is locked
Execution failed on sql 'SELECT * FROM sentiment WHERE tweet LIKE ? ORDER BY unix DESC LIMIT 1000': database is locked
Execution failed on sql 'SELECT * FROM sentiment WHERE tweet LIKE ? ORDER BY unix DESC LIMIT 1000': database is locked
Execution failed on sql 'SELECT * FROM sentiment WHERE tweet LIKE ? ORDER BY unix DESC LIMIT 1000': database is locked
Execution failed on sql 'SELECT * FROM sentiment WHERE tweet LIKE ? ORDER BY unix DESC LIMIT 1000': database is locked
Execution failed on sql 'SELECT * FROM sentiment WHERE tweet LIKE ? ORDER BY unix DESC LIMIT 1000': database is locked
Execution failed on sql 'SELECT * FROM sentiment WHERE tweet LIKE ? ORDER BY unix DESC LIMIT 1000': database is locked
'DataFrame' object has no attribute 'tweets'
'DataFrame' object has no attribute 'tweets'
'DataFrame' object has no attribute 'tweets'
'DataFrame' object has no attribute 'tweets'
'DataFrame' object has no attribute 'tweets'
'DataFrame' object has no attribute 'tweets'
'DataFrame' object has no attribute 'tweets'
'DataFrame' object has no attribute 'tweets'
'DataFrame' object has no attribute 'tweets'
'DataFrame' object has no attribute 'tweets'
'DataFrame' object has no attribute 'tweets'
'DataFrame' object has no attribute 'tweets'
'DataFrame' object has no attribute 'tweets'
'DataFrame' object has no attribute 'tweets'
'DataFrame' object has no attribute 'tweets'
'DataFrame' object has no attribute 'tweets'
'DataFrame' object has no attribute 'tweets'
'DataFrame' object has no attribute 'tweets'
'DataFrame' object has no attribute 'tweets'
'DataFrame' object has no attribute 'tweets'
'DataFrame' object has no attribute 'tweets'
'DataFrame' object has no attribute 'tweets'
'DataFrame' object has no attribute 'tweets'
'DataFrame' object has no attribute 'tweets'
'DataFrame' object has no attribute 'tweets'
'DataFrame' object has no attribute 'tweets'
'DataFrame' object has no attribute 'tweets'
'DataFrame' object has no attribute 'tweets'
'DataFrame' object has no attribute 'tweets'
'DataFrame' object has no attribute 'tweets'
'DataFrame' object has no attribute 'tweets'
'DataFrame' object has no attribute 'tweets'
'DataFrame' object has no attribute 'tweets'
'DataFrame' object has no attribute 'tweets'
'DataFrame' object has no attribute 'tweets'
'numpy.ndarray' object has no attribute 'toHtml'
'numpy.ndarray' object has no attribute 'toHtml'
'numpy.ndarray' object has no attribute 'toHtml'
'numpy.ndarray' object has no attribute 'toHtml'
'numpy.ndarray' object has no attribute 'toHtml'
'numpy.ndarray' object has no attribute 'toHtml'
'numpy.ndarray' object has no attribute 'toHtml'
'numpy.ndarray' object has no attribute 'toHtml'
'numpy.ndarray' object has no attribute 'toHtml'
'numpy.ndarray' object has no attribute 'toHtml'
'numpy.ndarray' object has no attribute 'toHtml'
'numpy.ndarray' object has no attribute 'toHtml'
'numpy.ndarray' object has no attribute 'toHtml'
'numpy.ndarray' object has no attribute 'toHtml'
'numpy.ndarray' object has no attribute 'toHtml'
'numpy.ndarray' object has no attribute 'toHtml'
'numpy.ndarray' object has no attribute 'toHtml'
'numpy.ndarray' object has no attribute 'toHtml'
'numpy.ndarray' object has no attribute 'toHtml'
'numpy.ndarray' object has no attribute 'toHtml'
'numpy.ndarray' object has no attribute 'toHtml'
'numpy.ndarray' object has no attribute 'toHtml'
'numpy.ndarray' object has no attribute 'toHtml'
'numpy.ndarray' object has no attribute 'toHtml'
'numpy.ndarray' object has no attribute 'toHtml'
'numpy.ndarray' object has no attribute 'toHtml'
'numpy.ndarray' object has no attribute 'toHtml'
'numpy.ndarray' object has no attribute 'toHtml'
'numpy.ndarray' object has no attribute 'toHtml'
'numpy.ndarray' object has no attribute 'toHtml'
'numpy.ndarray' object has no attribute 'to_html'
'numpy.ndarray' object has no attribute 'to_html'
'numpy.ndarray' object has no attribute 'to_html'
'numpy.ndarray' object has no attribute 'to_html'
'numpy.ndarray' object has no attribute 'to_html'
'numpy.ndarray' object has no attribute 'to_html'
'numpy.ndarray' object has no attribute 'to_html'
'numpy.ndarray' object has no attribute 'to_html'
'numpy.ndarray' object has no attribute 'to_html'
'numpy.ndarray' object has no attribute 'to_html'
'numpy.ndarray' object has no attribute 'to_html'
'numpy.ndarray' object has no attribute 'to_html'
'numpy.ndarray' object has no attribute 'to_html'
'numpy.ndarray' object has no attribute 'to_html'
'numpy.ndarray' object has no attribute 'to_html'
'numpy.ndarray' object has no attribute 'to_html'
'numpy.ndarray' object has no attribute 'to_html'
'numpy.ndarray' object has no attribute 'to_html'
'numpy.ndarray' object has no attribute 'to_html'
'numpy.ndarray' object has no attribute 'to_html'
'numpy.ndarray' object has no attribute 'to_html'
'numpy.ndarray' object has no attribute 'to_html'
'numpy.ndarray' object has no attribute 'to_html'
'numpy.ndarray' object has no attribute 'to_html'
'numpy.ndarray' object has no attribute 'to_html'
'numpy.ndarray' object has no attribute 'to_html'
'numpy.ndarray' object has no attribute 'to_html'
'numpy.ndarray' object has no attribute 'to_html'
'numpy.ndarray' object has no attribute 'to_html'
'numpy.ndarray' object has no attribute 'to_html'
'numpy.ndarray' object has no attribute 'to_html'
'numpy.ndarray' object has no attribute 'to_html'
'numpy.ndarray' object has no attribute 'to_html'
'numpy.ndarray' object has no attribute 'to_html'
'numpy.ndarray' object has no attribute 'to_html'
'numpy.ndarray' object has no attribute 'to_html'
'numpy.ndarray' object has no attribute 'to_html'
'numpy.ndarray' object has no attribute 'to_html'
'numpy.ndarray' object has no attribute 'to_html'
'numpy.ndarray' object has no attribute 'to_html'
'numpy.ndarray' object has no attribute 'to_html'
'numpy.ndarray' object has no attribute 'to_html'
'numpy.ndarray' object has no attribute 'to_html'
'numpy.ndarray' object has no attribute 'to_html'
'numpy.ndarray' object has no attribute 'to_html'
'numpy.ndarray' object has no attribute 'to_html'
'numpy.ndarray' object has no attribute 'to_html'
'numpy.ndarray' object has no attribute 'to_html'
'numpy.ndarray' object has no attribute 'to_html'
'numpy.ndarray' object has no attribute 'to_html'
'numpy.ndarray' object has no attribute 'to_html'
'numpy.ndarray' object has no attribute 'to_html'
'numpy.ndarray' object has no attribute 'to_html'
'numpy.ndarray' object has no attribute 'to_html'
'numpy.ndarray' object has no attribute 'to_html'
'numpy.ndarray' object has no attribute 'to_html'
'numpy.ndarray' object has no attribute 'to_html'
'numpy.ndarray' object has no attribute 'to_html'
'numpy.ndarray' object has no attribute 'to_html'
'numpy.ndarray' object has no attribute 'to_html'
'numpy.ndarray' object has no attribute 'to_html'
'numpy.ndarray' object has no attribute 'to_html'
'numpy.ndarray' object has no attribute 'to_html'
'numpy.ndarray' object has no attribute 'to_html'
'numpy.ndarray' object has no attribute 'to_html'
'numpy.ndarray' object has no attribute 'to_html'
'numpy.ndarray' object has no attribute 'to_html'
'numpy.ndarray' object has no attribute 'to_html'
'numpy.ndarray' object has no attribute 'to_html'
'numpy.ndarray' object has no attribute 'to_html'
'numpy.ndarray' object has no attribute 'to_html'
'numpy.ndarray' object has no attribute 'to_html'
'numpy.ndarray' object has no attribute 'to_html'
'numpy.ndarray' object has no attribute 'to_html'
'numpy.ndarray' object has no attribute 'to_html'
'numpy.ndarray' object has no attribute 'to_html'
'numpy.ndarray' object has no attribute 'to_html'
'numpy.ndarray' object has no attribute 'to_html'
'numpy.ndarray' object has no attribute 'to_html'
'numpy.ndarray' object has no attribute 'to_html'
'numpy.ndarray' object has no attribute 'to_html'
'numpy.ndarray' object has no attribute 'to_html'
'numpy.ndarray' object has no attribute 'to_html'
'numpy.ndarray' object has no attribute 'to_html'
'numpy.ndarray' object has no attribute 'to_html'
'numpy.ndarray' object has no attribute 'to_html'
'numpy.ndarray' object has no attribute 'to_html'
'numpy.ndarray' object has no attribute 'to_html'
'numpy.ndarray' object has no attribute 'to_html'
'numpy.ndarray' object has no attribute 'to_html'
'numpy.ndarray' object has no attribute 'to_html'
'numpy.ndarray' object has no attribute 'to_html'
'numpy.ndarray' object has no attribute 'to_html'
'numpy.ndarray' object has no attribute 'to_html'
'numpy.ndarray' object has no attribute 'to_html'
'numpy.ndarray' object has no attribute 'to_html'
'numpy.ndarray' object has no attribute 'to_html'
'numpy.ndarray' object has no attribute 'to_html'
'numpy.ndarray' object has no attribute 'to_html'
'numpy.ndarray' object has no attribute 'to_html'
'numpy.ndarray' object has no attribute 'to_html'
'numpy.ndarray' object has no attribute 'to_html'
'numpy.ndarray' object has no attribute 'to_html'
'numpy.ndarray' object has no attribute 'to_html'
'numpy.ndarray' object has no attribute 'to_html'
'numpy.ndarray' object has no attribute 'to_html'
'numpy.ndarray' object has no attribute 'to_html'
'numpy.ndarray' object has no attribute 'to_html'
'numpy.ndarray' object has no attribute 'to_html'
'numpy.ndarray' object has no attribute 'to_html'
'numpy.ndarray' object has no attribute 'to_html'
'numpy.ndarray' object has no attribute 'to_html'
'numpy.ndarray' object has no attribute 'to_html'
'numpy.ndarray' object has no attribute 'to_html'
'numpy.ndarray' object has no attribute 'to_html'
'numpy.ndarray' object has no attribute 'to_html'
'numpy.ndarray' object has no attribute 'to_html'
'numpy.ndarray' object has no attribute 'to_html'
'numpy.ndarray' object has no attribute 'to_html'
'numpy.ndarray' object has no attribute 'to_html'
'numpy.ndarray' object has no attribute 'to_html'
'numpy.ndarray' object has no attribute 'to_html'
'numpy.ndarray' object has no attribute 'to_html'
'numpy.ndarray' object has no attribute 'to_html'
'numpy.ndarray' object has no attribute 'to_html'
'numpy.ndarray' object has no attribute 'to_html'
'numpy.ndarray' object has no attribute 'to_html'
'numpy.ndarray' object has no attribute 'to_html'
'numpy.ndarray' object has no attribute 'to_html'
'numpy.ndarray' object has no attribute 'to_html'
'numpy.ndarray' object has no attribute 'to_html'
'numpy.ndarray' object has no attribute 'to_html'
'numpy.ndarray' object has no attribute 'to_html'
'numpy.ndarray' object has no attribute 'to_html'
'numpy.ndarray' object has no attribute 'to_html'
'numpy.ndarray' object has no attribute 'to_html'
'numpy.ndarray' object has no attribute 'to_html'
'numpy.ndarray' object has no attribute 'to_html'
'numpy.ndarray' object has no attribute 'to_html'
'numpy.ndarray' object has no attribute 'to_html'
'numpy.ndarray' object has no attribute 'to_html'
'numpy.ndarray' object has no attribute 'to_html'
'numpy.ndarray' object has no attribute 'to_html'
'numpy.ndarray' object has no attribute 'to_html'
'numpy.ndarray' object has no attribute 'to_html'
'numpy.ndarray' object has no attribute 'to_html'
'numpy.ndarray' object has no attribute 'to_html'
'numpy.ndarray' object has no attribute 'to_html'
'numpy.ndarray' object has no attribute 'to_html'
'numpy.ndarray' object has no attribute 'to_html'
'numpy.ndarray' object has no attribute 'to_html'
'numpy.ndarray' object has no attribute 'to_html'
'numpy.ndarray' object has no attribute 'to_html'
'numpy.ndarray' object has no attribute 'to_html'
'numpy.ndarray' object has no attribute 'to_html'
'numpy.ndarray' object has no attribute 'to_html'
'numpy.ndarray' object has no attribute 'to_html'
'numpy.ndarray' object has no attribute 'to_html'
'numpy.ndarray' object has no attribute 'to_html'
'numpy.ndarray' object has no attribute 'to_html'
'numpy.ndarray' object has no attribute 'to_html'
'numpy.ndarray' object has no attribute 'to_html'
'numpy.ndarray' object has no attribute 'to_html'
'numpy.ndarray' object has no attribute 'to_html'
'numpy.ndarray' object has no attribute 'to_html'
'numpy.ndarray' object has no attribute 'to_html'
'numpy.ndarray' object has no attribute 'to_html'
'numpy.ndarray' object has no attribute 'to_html'
'numpy.ndarray' object has no attribute 'to_html'
'numpy.ndarray' object has no attribute 'to_html'
'numpy.ndarray' object has no attribute 'to_html'
'numpy.ndarray' object has no attribute 'to_html'
'numpy.ndarray' object has no attribute 'to_html'
'numpy.ndarray' object has no attribute 'to_html'
'numpy.ndarray' object has no attribute 'to_html'
'numpy.ndarray' object has no attribute 'to_html'
'numpy.ndarray' object has no attribute 'to_html'
'numpy.ndarray' object has no attribute 'to_html'
'numpy.ndarray' object has no attribute 'to_html'
'numpy.ndarray' object has no attribute 'to_html'
'numpy.ndarray' object has no attribute 'to_html'
'numpy.ndarray' object has no attribute 'to_html'
'numpy.ndarray' object has no attribute 'to_html'
'numpy.ndarray' object has no attribute 'to_html'
'numpy.ndarray' object has no attribute 'to_html'
'numpy.ndarray' object has no attribute 'to_html'
'numpy.ndarray' object has no attribute 'to_html'
'numpy.ndarray' object has no attribute 'to_html'
'numpy.ndarray' object has no attribute 'to_html'
'numpy.ndarray' object has no attribute 'to_html'
'numpy.ndarray' object has no attribute 'to_html'
'numpy.ndarray' object has no attribute 'to_html'
'numpy.ndarray' object has no attribute 'to_html'
'numpy.ndarray' object has no attribute 'to_html'
'numpy.ndarray' object has no attribute 'to_html'
'numpy.ndarray' object has no attribute 'to_html'
'numpy.ndarray' object has no attribute 'to_html'
'numpy.ndarray' object has no attribute 'to_html'
'numpy.ndarray' object has no attribute 'to_html'
'numpy.ndarray' object has no attribute 'to_html'
'numpy.ndarray' object has no attribute 'to_html'
'numpy.ndarray' object has no attribute 'to_html'
'numpy.ndarray' object has no attribute 'to_html'
'numpy.ndarray' object has no attribute 'to_html'
'numpy.ndarray' object has no attribute 'to_html'
'numpy.ndarray' object has no attribute 'to_html'
'numpy.ndarray' object has no attribute 'to_html'
'numpy.ndarray' object has no attribute 'to_numpy'
'numpy.ndarray' object has no attribute 'to_numpy'
'numpy.ndarray' object has no attribute 'to_numpy'
'numpy.ndarray' object has no attribute 'to_numpy'
'numpy.ndarray' object has no attribute 'to_numpy'
'numpy.ndarray' object has no attribute 'to_numpy'
'numpy.ndarray' object has no attribute 'to_numpy'
'numpy.ndarray' object has no attribute 'to_numpy'
'numpy.ndarray' object has no attribute 'to_numpy'
'numpy.ndarray' object has no attribute 'to_numpy'
'numpy.ndarray' object has no attribute 'to_numpy'
'numpy.ndarray' object has no attribute 'to_numpy'
'numpy.ndarray' object has no attribute 'to_numpy'
'numpy.ndarray' object has no attribute 'to_numpy'
'numpy.ndarray' object has no attribute 'to_numpy'
'numpy.ndarray' object has no attribute 'to_numpy'
'numpy.ndarray' object has no attribute 'to_numpy'
'numpy.ndarray' object has no attribute 'to_numpy'
'numpy.ndarray' object has no attribute 'to_numpy'
'numpy.ndarray' object has no attribute 'to_numpy'
'numpy.ndarray' object has no attribute 'to_numpy'
'numpy.ndarray' object has no attribute 'to_numpy'
'numpy.ndarray' object has no attribute 'to_numpy'
'numpy.ndarray' object has no attribute 'to_numpy'
'numpy.ndarray' object has no attribute 'columns'
'numpy.ndarray' object has no attribute 'columns'
'numpy.ndarray' object has no attribute 'columns'
'numpy.ndarray' object has no attribute 'columns'
'numpy.ndarray' object has no attribute 'columns'
'numpy.ndarray' object has no attribute 'columns'
'numpy.ndarray' object has no attribute 'columns'
'numpy.ndarray' object has no attribute 'columns'
'numpy.ndarray' object has no attribute 'columns'
'numpy.ndarray' object has no attribute 'columns'
'numpy.ndarray' object has no attribute 'columns'
'numpy.ndarray' object has no attribute 'columns'
'numpy.ndarray' object has no attribute 'columns'
'numpy.ndarray' object has no attribute 'columns'
'numpy.ndarray' object has no attribute 'columns'
'numpy.ndarray' object has no attribute 'columns'
'numpy.ndarray' object has no attribute 'columns'
'numpy.ndarray' object has no attribute 'columns'
'numpy.ndarray' object has no attribute 'columns'
'numpy.ndarray' object has no attribute 'columns'
'numpy.ndarray' object has no attribute 'columns'
'numpy.ndarray' object has no attribute 'columns'
'numpy.ndarray' object has no attribute 'columns'
'numpy.ndarray' object has no attribute 'columns'
'numpy.ndarray' object has no attribute 'columns'
'numpy.ndarray' object has no attribute 'columns'
'numpy.ndarray' object has no attribute 'columns'
'numpy.ndarray' object has no attribute 'columns'
'numpy.ndarray' object has no attribute 'columns'
'numpy.ndarray' object has no attribute 'columns'
'numpy.ndarray' object has no attribute 'columns'
'numpy.ndarray' object has no attribute 'columns'
'numpy.ndarray' object has no attribute 'columns'
'numpy.ndarray' object has no attribute 'columns'
'numpy.ndarray' object has no attribute 'columns'
'numpy.ndarray' object has no attribute 'columns'
'numpy.ndarray' object has no attribute 'columns'
'numpy.ndarray' object has no attribute 'columns'
'numpy.ndarray' object has no attribute 'columns'
'numpy.ndarray' object has no attribute 'columns'
'numpy.ndarray' object has no attribute 'columns'
'numpy.ndarray' object has no attribute 'columns'
'numpy.ndarray' object has no attribute 'columns'
'numpy.ndarray' object has no attribute 'columns'
'numpy.ndarray' object has no attribute 'columns'
'numpy.ndarray' object has no attribute 'columns'
'numpy.ndarray' object has no attribute 'columns'
'numpy.ndarray' object has no attribute 'columns'
'numpy.ndarray' object has no attribute 'columns'
'numpy.ndarray' object has no attribute 'columns'
'numpy.ndarray' object has no attribute 'columns'
'numpy.ndarray' object has no attribute 'columns'
'numpy.ndarray' object has no attribute 'columns'
'numpy.ndarray' object has no attribute 'columns'
'numpy.ndarray' object has no attribute 'columns'
'numpy.ndarray' object has no attribute 'columns'
'numpy.ndarray' object has no attribute 'columns'
'numpy.ndarray' object has no attribute 'columns'
'numpy.ndarray' object has no attribute 'columns'
'numpy.ndarray' object has no attribute 'columns'
'numpy.ndarray' object has no attribute 'columns'
'numpy.ndarray' object has no attribute 'columns'
'numpy.ndarray' object has no attribute 'columns'
'numpy.ndarray' object has no attribute 'columns'
'numpy.ndarray' object has no attribute 'columns'
'numpy.ndarray' object has no attribute 'columns'
'numpy.ndarray' object has no attribute 'columns'
'numpy.ndarray' object has no attribute 'columns'
'numpy.ndarray' object has no attribute 'columns'
'numpy.ndarray' object has no attribute 'columns'
'numpy.ndarray' object has no attribute 'columns'
'numpy.ndarray' object has no attribute 'columns'
'numpy.ndarray' object has no attribute 'columns'
'numpy.ndarray' object has no attribute 'columns'
'numpy.ndarray' object has no attribute 'columns'
'numpy.ndarray' object has no attribute 'columns'
'numpy.ndarray' object has no attribute 'columns'
'numpy.ndarray' object has no attribute 'columns'
'numpy.ndarray' object has no attribute 'columns'
'numpy.ndarray' object has no attribute 'columns'
'numpy.ndarray' object has no attribute 'columns'
'numpy.ndarray' object has no attribute 'columns'
'numpy.ndarray' object has no attribute 'columns'
'numpy.ndarray' object has no attribute 'columns'
'numpy.ndarray' object has no attribute 'columns'
'numpy.ndarray' object has no attribute 'columns'
'numpy.ndarray' object has no attribute 'columns'
'numpy.ndarray' object has no attribute 'columns'
'numpy.ndarray' object has no attribute 'columns'
'numpy.ndarray' object has no attribute 'columns'
'numpy.ndarray' object has no attribute 'columns'
'numpy.ndarray' object has no attribute 'columns'
'numpy.ndarray' object has no attribute 'columns'
'numpy.ndarray' object has no attribute 'columns'
'numpy.ndarray' object has no attribute 'columns'
'numpy.ndarray' object has no attribute 'columns'
'numpy.ndarray' object has no attribute 'columns'
'numpy.ndarray' object has no attribute 'columns'
'numpy.ndarray' object has no attribute 'columns'
'numpy.ndarray' object has no attribute 'columns'
'numpy.ndarray' object has no attribute 'columns'
'numpy.ndarray' object has no attribute 'columns'
'numpy.ndarray' object has no attribute 'columns'
'numpy.ndarray' object has no attribute 'columns'
'numpy.ndarray' object has no attribute 'columns'
'numpy.ndarray' object has no attribute 'columns'
'numpy.ndarray' object has no attribute 'columns'
'numpy.ndarray' object has no attribute 'columns'
'numpy.ndarray' object has no attribute 'columns'
'numpy.ndarray' object has no attribute 'columns'
'numpy.ndarray' object has no attribute 'columns'
'numpy.ndarray' object has no attribute 'columns'
'numpy.ndarray' object has no attribute 'columns'
'numpy.ndarray' object has no attribute 'columns'
'numpy.ndarray' object has no attribute 'columns'
'numpy.ndarray' object has no attribute 'columns'
'numpy.ndarray' object has no attribute 'columns'
'numpy.ndarray' object has no attribute 'columns'
'numpy.ndarray' object has no attribute 'columns'
'numpy.ndarray' object has no attribute 'columns'
'numpy.ndarray' object has no attribute 'columns'
'numpy.ndarray' object has no attribute 'columns'
'numpy.ndarray' object has no attribute 'columns'
'numpy.ndarray' object has no attribute 'columns'
'numpy.ndarray' object has no attribute 'columns'
'numpy.ndarray' object has no attribute 'columns'
'numpy.ndarray' object has no attribute 'columns'
'numpy.ndarray' object has no attribute 'columns'
'numpy.ndarray' object has no attribute 'columns'
'numpy.ndarray' object has no attribute 'columns'
'numpy.ndarray' object has no attribute 'columns'
'numpy.ndarray' object has no attribute 'columns'
'numpy.ndarray' object has no attribute 'columns'
'numpy.ndarray' object has no attribute 'columns'
'numpy.ndarray' object has no attribute 'columns'
'numpy.ndarray' object has no attribute 'columns'
'numpy.ndarray' object has no attribute 'columns'
'numpy.ndarray' object has no attribute 'columns'
'numpy.ndarray' object has no attribute 'columns'
'numpy.ndarray' object has no attribute 'columns'
'numpy.ndarray' object has no attribute 'columns'
'numpy.ndarray' object has no attribute 'columns'
'numpy.ndarray' object has no attribute 'columns'
'numpy.ndarray' object has no attribute 'columns'
'numpy.ndarray' object has no attribute 'columns'
'numpy.ndarray' object has no attribute 'columns'
'numpy.ndarray' object has no attribute 'columns'
'numpy.ndarray' object has no attribute 'columns'
'numpy.ndarray' object has no attribute 'columns'
'numpy.ndarray' object has no attribute 'columns'
'numpy.ndarray' object has no attribute 'columns'
'numpy.ndarray' object has no attribute 'columns'
'numpy.ndarray' object has no attribute 'columns'
'numpy.ndarray' object has no attribute 'columns'
'numpy.ndarray' object has no attribute 'columns'
'numpy.ndarray' object has no attribute 'columns'
'numpy.ndarray' object has no attribute 'columns'
'numpy.ndarray' object has no attribute 'columns'
'numpy.ndarray' object has no attribute 'columns'
'numpy.ndarray' object has no attribute 'columns'
'numpy.ndarray' object has no attribute 'columns'
'numpy.ndarray' object has no attribute 'columns'
'numpy.ndarray' object has no attribute 'columns'
'numpy.ndarray' object has no attribute 'columns'
'numpy.ndarray' object has no attribute 'columns'
'numpy.ndarray' object has no attribute 'columns'
'numpy.ndarray' object has no attribute 'columns'
'numpy.ndarray' object has no attribute 'columns'
'numpy.ndarray' object has no attribute 'columns'
'numpy.ndarray' object has no attribute 'columns'
'numpy.ndarray' object has no attribute 'columns'
'numpy.ndarray' object has no attribute 'columns'
'numpy.ndarray' object has no attribute 'columns'
'numpy.ndarray' object has no attribute 'columns'
'numpy.ndarray' object has no attribute 'columns'
'numpy.ndarray' object has no attribute 'columns'
'numpy.ndarray' object has no attribute 'columns'
'numpy.ndarray' object has no attribute 'columns'
'numpy.ndarray' object has no attribute 'columns'
'numpy.ndarray' object has no attribute 'columns'
'numpy.ndarray' object has no attribute 'columns'
'numpy.ndarray' object has no attribute 'columns'
'numpy.ndarray' object has no attribute 'columns'
'numpy.ndarray' object has no attribute 'columns'
Execution failed on sql 'SELECT * FROM sentiment WHERE tweet LIKE ? ORDER BY unix DESC LIMIT 1000': database is locked
Execution failed on sql 'SELECT * FROM sentiment WHERE tweet LIKE ? ORDER BY unix DESC LIMIT 1000': database is locked
Execution failed on sql 'SELECT * FROM sentiment WHERE tweet LIKE ? ORDER BY unix DESC LIMIT 1000': database is locked
Execution failed on sql 'SELECT * FROM sentiment WHERE tweet LIKE ? ORDER BY unix DESC LIMIT 1000': database is locked
Execution failed on sql 'SELECT * FROM sentiment WHERE tweet LIKE ? ORDER BY unix DESC LIMIT 1000': database is locked
Execution failed on sql 'SELECT * FROM sentiment WHERE tweet LIKE ? ORDER BY unix DESC LIMIT 1000': database is locked
Execution failed on sql 'SELECT * FROM sentiment WHERE tweet LIKE ? ORDER BY unix DESC LIMIT 1000': database is locked
Execution failed on sql 'SELECT * FROM sentiment WHERE tweet LIKE ? ORDER BY unix DESC LIMIT 1000': database is locked
Execution failed on sql 'SELECT * FROM sentiment WHERE tweet LIKE ? ORDER BY unix DESC LIMIT 1000': database is locked
Execution failed on sql 'SELECT * FROM sentiment WHERE tweet LIKE ? ORDER BY unix DESC LIMIT 1000': database is locked
Execution failed on sql 'SELECT * FROM sentiment WHERE tweet LIKE ? ORDER BY unix DESC LIMIT 1000': database is locked
Execution failed on sql 'SELECT * FROM sentiment WHERE tweet LIKE ? ORDER BY unix DESC LIMIT 1000': database is locked
Execution failed on sql 'SELECT * FROM sentiment WHERE tweet LIKE ? ORDER BY unix DESC LIMIT 1000': database is locked
Execution failed on sql 'SELECT * FROM sentiment WHERE tweet LIKE ? ORDER BY unix DESC LIMIT 1000': database is locked
Execution failed on sql 'SELECT * FROM sentiment WHERE tweet LIKE ? ORDER BY unix DESC LIMIT 1000': database is locked
Execution failed on sql 'SELECT * FROM sentiment WHERE tweet LIKE ? ORDER BY unix DESC LIMIT 1000': database is locked
Execution failed on sql 'SELECT * FROM sentiment WHERE tweet LIKE ? ORDER BY unix DESC LIMIT 1000': database is locked
Execution failed on sql 'SELECT * FROM sentiment WHERE tweet LIKE ? ORDER BY unix DESC LIMIT 1000': database is locked
min() arg is an empty sequence
min() arg is an empty sequence
min() arg is an empty sequence
min() arg is an empty sequence
min() arg is an empty sequence
name 'unix' is not defined
name 'unix' is not defined
name 'unix' is not defined
name 'unix' is not defined
name 'unix' is not defined
name 'unix' is not defined
name 'unix' is not defined
name 'unix' is not defined
name 'unix' is not defined
name 'unix' is not defined
name 'unix' is not defined
name 'unix' is not defined
name 'unix' is not defined
name 'unix' is not defined
name 'unix' is not defined
name 'unix' is not defined
name 'unix' is not defined
name 'unix' is not defined
name 'unix' is not defined
name 'unix' is not defined
name 'unix' is not defined
name 'unix' is not defined
name 'unix' is not defined
name 'unix' is not defined
name 'unix' is not defined
name 'unix' is not defined
name 'unix' is not defined
name 'unix' is not defined
name 'unix' is not defined
name 'unix' is not defined
name 'unix' is not defined
name 'unix' is not defined
name 'unix' is not defined
name 'unix' is not defined
name 'unix' is not defined
name 'unix' is not defined
name 'unix' is not defined
name 'unix' is not defined
name 'unix' is not defined
name 'unix' is not defined
name 'unix' is not defined
name 'unix' is not defined
name 'unix' is not defined
name 'unix' is not defined
name 'unix' is not defined
name 'unix' is not defined
name 'unix' is not defined
name 'unix' is not defined
name 'unix' is not defined
name 'unix' is not defined
name 'unix' is not defined
name 'unix' is not defined
name 'unix' is not defined
name 'unix' is not defined
name 'unix' is not defined
name 'unix' is not defined
name 'unix' is not defined
name 'unix' is not defined
name 'unix' is not defined
name 'unix' is not defined
name 'unix' is not defined
name 'unix' is not defined
name 'unix' is not defined
name 'unix' is not defined
name 'unix' is not defined
name 'unix' is not defined
name 'unix' is not defined
name 'unix' is not defined
name 'unix' is not defined
name 'unix' is not defined
name 'unix' is not defined
name 'unix' is not defined
name 'unix' is not defined
name 'unix' is not defined
name 'unix' is not defined
name 'unix' is not defined
name 'unix' is not defined
name 'unix' is not defined
name 'unix' is not defined
name 'unix' is not defined
name 'unix' is not defined
name 'unix' is not defined
name 'unix' is not defined
name 'unix' is not defined
name 'unix' is not defined
name 'unix' is not defined
name 'unix' is not defined
name 'unix' is not defined
name 'unix' is not defined
name 'unix' is not defined
name 'unix' is not defined
name 'unix' is not defined
name 'unix' is not defined
name 'unix' is not defined
name 'unix' is not defined
name 'unix' is not defined
name 'unix' is not defined
name 'unix' is not defined
name 'unix' is not defined
name 'unix' is not defined
name 'unix' is not defined
name 'unix' is not defined
name 'unix' is not defined
name 'unix' is not defined
name 'unix' is not defined
name 'unix' is not defined
name 'unix' is not defined
name 'unix' is not defined
name 'unix' is not defined
name 'unix' is not defined
name 'unix' is not defined
name 'unix' is not defined
name 'unix' is not defined
name 'unix' is not defined
name 'unix' is not defined
name 'unix' is not defined
name 'unix' is not defined
name 'unix' is not defined
name 'unix' is not defined
name 'unix' is not defined
name 'unix' is not defined
name 'unix' is not defined
name 'unix' is not defined
name 'unix' is not defined
name 'unix' is not defined
name 'unix' is not defined
name 'unix' is not defined
name 'unix' is not defined
name 'unix' is not defined
name 'unix' is not defined
name 'unix' is not defined
name 'unix' is not defined
name 'unix' is not defined
name 'unix' is not defined
name 'unix' is not defined
name 'unix' is not defined
name 'unix' is not defined
name 'unix' is not defined
name 'unix' is not defined
'NoneType' object has no attribute 'iloc'
'NoneType' object has no attribute 'iloc'
'NoneType' object has no attribute 'iloc'
'NoneType' object has no attribute 'iloc'
'NoneType' object has no attribute 'iloc'
'NoneType' object has no attribute 'iloc'
'NoneType' object has no attribute 'iloc'
'NoneType' object has no attribute 'iloc'
'NoneType' object has no attribute 'iloc'
'NoneType' object has no attribute 'iloc'
'NoneType' object has no attribute 'iloc'
'NoneType' object has no attribute 'iloc'
'NoneType' object has no attribute 'iloc'
'NoneType' object has no attribute 'iloc'
'NoneType' object has no attribute 'iloc'
'NoneType' object has no attribute 'iloc'
'NoneType' object has no attribute 'iloc'
'NoneType' object has no attribute 'iloc'
'NoneType' object has no attribute 'iloc'
'NoneType' object has no attribute 'iloc'
'NoneType' object has no attribute 'iloc'
'NoneType' object has no attribute 'iloc'
'NoneType' object has no attribute 'iloc'
'NoneType' object has no attribute 'iloc'
'NoneType' object has no attribute 'iloc'
'NoneType' object has no attribute 'iloc'
'NoneType' object has no attribute 'iloc'
'NoneType' object has no attribute 'iloc'
'NoneType' object has no attribute 'iloc'
'NoneType' object has no attribute 'iloc'
'NoneType' object has no attribute 'iloc'
'NoneType' object has no attribute 'iloc'
'NoneType' object has no attribute 'iloc'
'NoneType' object has no attribute 'iloc'
Execution failed on sql 'SELECT * FROM sentiment WHERE tweet LIKE ? ORDER BY unix DESC LIMIT 1000': database is locked
Execution failed on sql 'SELECT * FROM sentiment WHERE tweet LIKE ? ORDER BY unix DESC LIMIT 1000': database is locked
Execution failed on sql 'SELECT * FROM sentiment WHERE tweet LIKE ? ORDER BY unix DESC LIMIT 1000': database is locked
Execution failed on sql 'SELECT * FROM sentiment WHERE tweet LIKE ? ORDER BY unix DESC LIMIT 1000': database is locked
Execution failed on sql 'SELECT * FROM sentiment WHERE tweet LIKE ? ORDER BY unix DESC LIMIT 1000': database is locked
Execution failed on sql 'SELECT * FROM sentiment WHERE tweet LIKE ? ORDER BY unix DESC LIMIT 1000': database is locked
Execution failed on sql 'SELECT * FROM sentiment WHERE tweet LIKE ? ORDER BY unix DESC LIMIT 1000': database is locked
Execution failed on sql 'SELECT * FROM sentiment WHERE tweet LIKE ? ORDER BY unix DESC LIMIT 1000': database is locked
Execution failed on sql 'SELECT * FROM sentiment WHERE tweet LIKE ? ORDER BY unix DESC LIMIT 1000': database is locked
index out of bounds
index out of bounds
index out of bounds
index out of bounds
index out of bounds
index out of bounds
index out of bounds
index out of bounds
index out of bounds
index out of bounds
index out of bounds
index out of bounds
index out of bounds
index out of bounds
index out of bounds
index out of bounds
index out of bounds
index out of bounds
index out of bounds
index out of bounds
index out of bounds
index out of bounds
index out of bounds
index out of bounds
index out of bounds
index out of bounds
index out of bounds
index out of bounds
index out of bounds
index out of bounds
index out of bounds
index out of bounds
index out of bounds
index out of bounds
index out of bounds
index out of bounds
index out of bounds
index out of bounds
index out of bounds
index out of bounds
index out of bounds
index out of bounds
index out of bounds
index out of bounds
index out of bounds
index out of bounds
index out of bounds
index out of bounds
index out of bounds
index out of bounds
index out of bounds
index out of bounds
index out of bounds
index out of bounds
index out of bounds
index out of bounds
index out of bounds
index out of bounds
index out of bounds
index out of bounds
index out of bounds
index out of bounds
index out of bounds
index out of bounds
index out of bounds
index out of bounds
index out of bounds
index out of bounds
index out of bounds
index out of bounds
index out of bounds
index out of bounds
index out of bounds
index out of bounds
index out of bounds
index out of bounds
index out of bounds
index out of bounds
index out of bounds
index out of bounds
index out of bounds
index out of bounds
index out of bounds
index out of bounds
index out of bounds
index out of bounds
index out of bounds
index out of bounds
index out of bounds
index out of bounds
index out of bounds
index out of bounds
index out of bounds
index out of bounds
index out of bounds
index out of bounds
index out of bounds
index out of bounds
index out of bounds
index out of bounds
index out of bounds
index out of bounds
index out of bounds
index out of bounds
index out of bounds
index out of bounds
index out of bounds
index out of bounds
index out of bounds
index out of bounds
index out of bounds
index out of bounds
index out of bounds
index out of bounds
index out of bounds
index out of bounds
index out of bounds
index out of bounds
index out of bounds
index out of bounds
index out of bounds
index out of bounds
index out of bounds
index out of bounds
index out of bounds
index out of bounds
index out of bounds
index out of bounds
index out of bounds
index out of bounds
index out of bounds
index out of bounds
index out of bounds
index out of bounds
index out of bounds
index out of bounds
index out of bounds
index out of bounds
index out of bounds
index out of bounds
index out of bounds
index out of bounds
index out of bounds
index out of bounds
index out of bounds
index out of bounds
index out of bounds
index out of bounds
index out of bounds
index out of bounds
index out of bounds
index out of bounds
index out of bounds
index out of bounds
index out of bounds
index out of bounds
index out of bounds
index out of bounds
index out of bounds
index out of bounds
index out of bounds
index out of bounds
index out of bounds
index out of bounds
local variable 'style' referenced before assignment
local variable 'style' referenced before assignment
local variable 'style' referenced before assignment
local variable 'style' referenced before assignment
local variable 'style' referenced before assignment
local variable 'style' referenced before assignment
local variable 'style' referenced before assignment
local variable 'style' referenced before assignment
local variable 'style' referenced before assignment
local variable 'style' referenced before assignment
local variable 'style' referenced before assignment
local variable 'style' referenced before assignment
local variable 'style' referenced before assignment
local variable 'style' referenced before assignment
local variable 'style' referenced before assignment
local variable 'style' referenced before assignment
local variable 'style' referenced before assignment
local variable 'style' referenced before assignment
local variable 'style' referenced before assignment
local variable 'style' referenced before assignment
local variable 'style' referenced before assignment
local variable 'style' referenced before assignment
local variable 'style' referenced before assignment
local variable 'style' referenced before assignment
local variable 'style' referenced before assignment
local variable 'style' referenced before assignment
local variable 'style' referenced before assignment
Execution failed on sql 'SELECT * FROM sentiment WHERE tweet LIKE ? ORDER BY unix DESC LIMIT 1000': database is locked
Execution failed on sql 'SELECT * FROM sentiment WHERE tweet LIKE ? ORDER BY unix DESC LIMIT 1000': database is locked
Execution failed on sql 'SELECT * FROM sentiment WHERE tweet LIKE ? ORDER BY unix DESC LIMIT 1000': database is locked
Execution failed on sql 'SELECT * FROM sentiment WHERE tweet LIKE ? ORDER BY unix DESC LIMIT 1000': database is locked
Execution failed on sql 'SELECT * FROM sentiment WHERE tweet LIKE ? ORDER BY unix DESC LIMIT 1000': database is locked
Execution failed on sql 'SELECT * FROM sentiment WHERE tweet LIKE ? ORDER BY unix DESC LIMIT 1000': database is locked
Execution failed on sql 'SELECT * FROM sentiment WHERE tweet LIKE ? ORDER BY unix DESC LIMIT 1000': database is locked
Execution failed on sql 'SELECT * FROM sentiment WHERE tweet LIKE ? ORDER BY unix DESC LIMIT 1000': database is locked
Execution failed on sql 'SELECT * FROM sentiment WHERE tweet LIKE ? ORDER BY unix DESC LIMIT 1000': database is locked
Execution failed on sql 'SELECT * FROM sentiment WHERE tweet LIKE ? ORDER BY unix DESC LIMIT 1000': database is locked
Execution failed on sql 'SELECT * FROM sentiment WHERE tweet LIKE ? ORDER BY unix DESC LIMIT 1000': database is locked
Execution failed on sql 'SELECT * FROM sentiment WHERE tweet LIKE ? ORDER BY unix DESC LIMIT 1000': database is locked
Execution failed on sql 'SELECT * FROM sentiment WHERE tweet LIKE ? ORDER BY unix DESC LIMIT 1000': database is locked
Execution failed on sql 'SELECT * FROM sentiment WHERE tweet LIKE ? ORDER BY unix DESC LIMIT 1000': database is locked
Execution failed on sql 'SELECT * FROM sentiment WHERE tweet LIKE ? ORDER BY unix DESC LIMIT 1000': database is locked
Execution failed on sql 'SELECT * FROM sentiment WHERE tweet LIKE ? ORDER BY unix DESC LIMIT 1000': database is locked
Execution failed on sql 'SELECT * FROM sentiment WHERE tweet LIKE ? ORDER BY unix DESC LIMIT 1000': database is locked
Execution failed on sql 'SELECT * FROM sentiment WHERE tweet LIKE ? ORDER BY unix DESC LIMIT 1000': database is locked
Execution failed on sql 'SELECT * FROM sentiment WHERE tweet LIKE ? ORDER BY unix DESC LIMIT 1000': database is locked
Execution failed on sql 'SELECT * FROM sentiment WHERE tweet LIKE ? ORDER BY unix DESC LIMIT 1000': database is locked
Execution failed on sql 'SELECT * FROM sentiment WHERE tweet LIKE ? ORDER BY unix DESC LIMIT 1000': database is locked
Execution failed on sql 'SELECT * FROM sentiment WHERE tweet LIKE ? ORDER BY unix DESC LIMIT 1000': database is locked
Execution failed on sql 'SELECT * FROM sentiment WHERE tweet LIKE ? ORDER BY unix DESC LIMIT 1000': database is locked
Execution failed on sql 'SELECT * FROM sentiment WHERE tweet LIKE ? ORDER BY unix DESC LIMIT 1000': database is locked
Execution failed on sql 'SELECT * FROM sentiment WHERE tweet LIKE ? ORDER BY unix DESC LIMIT 1000': database is locked
Execution failed on sql 'SELECT * FROM sentiment WHERE tweet LIKE ? ORDER BY unix DESC LIMIT 1000': database is locked
Execution failed on sql 'SELECT * FROM sentiment WHERE tweet LIKE ? ORDER BY unix DESC LIMIT 1000': database is locked
Execution failed on sql 'SELECT * FROM sentiment WHERE tweet LIKE ? ORDER BY unix DESC LIMIT 1000': database is locked
Execution failed on sql 'SELECT * FROM sentiment WHERE tweet LIKE ? ORDER BY unix DESC LIMIT 1000': database is locked
Execution failed on sql 'SELECT * FROM sentiment WHERE tweet LIKE ? ORDER BY unix DESC LIMIT 1000': database is locked
Execution failed on sql 'SELECT * FROM sentiment WHERE tweet LIKE ? ORDER BY unix DESC LIMIT 1000': database is locked
Execution failed on sql 'SELECT * FROM sentiment WHERE tweet LIKE ? ORDER BY unix DESC LIMIT 1000': database is locked
Execution failed on sql 'SELECT * FROM sentiment WHERE tweet LIKE ? ORDER BY unix DESC LIMIT 1000': database is locked
Execution failed on sql 'SELECT * FROM sentiment WHERE tweet LIKE ? ORDER BY unix DESC LIMIT 1000': database is locked
Execution failed on sql 'SELECT * FROM sentiment WHERE tweet LIKE ? ORDER BY unix DESC LIMIT 1000': database is locked
Execution failed on sql 'SELECT * FROM sentiment WHERE tweet LIKE ? ORDER BY unix DESC LIMIT 1000': database is locked
Execution failed on sql 'SELECT * FROM sentiment WHERE tweet LIKE ? ORDER BY unix DESC LIMIT 1000': database is locked
Execution failed on sql 'SELECT * FROM sentiment WHERE tweet LIKE ? ORDER BY unix DESC LIMIT 1000': database is locked
Execution failed on sql 'SELECT * FROM sentiment WHERE tweet LIKE ? ORDER BY unix DESC LIMIT 1000': database is locked
Execution failed on sql 'SELECT * FROM sentiment WHERE tweet LIKE ? ORDER BY unix DESC LIMIT 1000': database is locked
Execution failed on sql 'SELECT * FROM sentiment WHERE tweet LIKE ? ORDER BY unix DESC LIMIT 1000': database is locked
Execution failed on sql 'SELECT * FROM sentiment WHERE tweet LIKE ? ORDER BY unix DESC LIMIT 1000': database is locked
Execution failed on sql 'SELECT * FROM sentiment WHERE tweet LIKE ? ORDER BY unix DESC LIMIT 1000': database is locked
Execution failed on sql 'SELECT * FROM sentiment WHERE tweet LIKE ? ORDER BY unix DESC LIMIT 1000': database is locked
Execution failed on sql 'SELECT * FROM sentiment WHERE tweet LIKE ? ORDER BY unix DESC LIMIT 1000': database is locked
Execution failed on sql 'SELECT * FROM sentiment WHERE tweet LIKE ? ORDER BY unix DESC LIMIT 1000': database is locked
Execution failed on sql 'SELECT * FROM sentiment WHERE tweet LIKE ? ORDER BY unix DESC LIMIT 1000': database is locked
Execution failed on sql 'SELECT * FROM sentiment WHERE tweet LIKE ? ORDER BY unix DESC LIMIT 1000': database is locked
Execution failed on sql 'SELECT * FROM sentiment WHERE tweet LIKE ? ORDER BY unix DESC LIMIT 1000': database is locked
Execution failed on sql 'SELECT * FROM sentiment WHERE tweet LIKE ? ORDER BY unix DESC LIMIT 1000': database is locked
Execution failed on sql 'SELECT * FROM sentiment WHERE tweet LIKE ? ORDER BY unix DESC LIMIT 1000': database is locked
Execution failed on sql 'SELECT * FROM sentiment WHERE tweet LIKE ? ORDER BY unix DESC LIMIT 1000': database is locked
Execution failed on sql 'SELECT * FROM sentiment WHERE tweet LIKE ? ORDER BY unix DESC LIMIT 1000': database is locked
Execution failed on sql 'SELECT * FROM sentiment WHERE tweet LIKE ? ORDER BY unix DESC LIMIT 1000': database is locked
Execution failed on sql 'SELECT * FROM sentiment WHERE tweet LIKE ? ORDER BY unix DESC LIMIT 1000': database is locked
Execution failed on sql 'SELECT * FROM sentiment WHERE tweet LIKE ? ORDER BY unix DESC LIMIT 1000': database is locked
Execution failed on sql 'SELECT * FROM sentiment WHERE tweet LIKE ? ORDER BY unix DESC LIMIT 1000': database is locked
Execution failed on sql 'SELECT * FROM sentiment WHERE tweet LIKE ? ORDER BY unix DESC LIMIT 1000': database is locked
Execution failed on sql 'SELECT * FROM sentiment WHERE tweet LIKE ? ORDER BY unix DESC LIMIT 1000': database is locked
Execution failed on sql 'SELECT * FROM sentiment WHERE tweet LIKE ? ORDER BY unix DESC LIMIT 1000': database is locked
Execution failed on sql 'SELECT * FROM sentiment WHERE tweet LIKE ? ORDER BY unix DESC LIMIT 1000': database is locked
Execution failed on sql 'SELECT * FROM sentiment WHERE tweet LIKE ? ORDER BY unix DESC LIMIT 1000': database is locked
Execution failed on sql 'SELECT * FROM sentiment WHERE tweet LIKE ? ORDER BY unix DESC LIMIT 1000': database is locked
Execution failed on sql 'SELECT * FROM sentiment WHERE tweet LIKE ? ORDER BY unix DESC LIMIT 1000': database is locked
Execution failed on sql 'SELECT * FROM sentiment WHERE tweet LIKE ? ORDER BY unix DESC LIMIT 1000': database is locked
Execution failed on sql 'SELECT * FROM sentiment WHERE tweet LIKE ? ORDER BY unix DESC LIMIT 1000': database is locked
Execution failed on sql 'SELECT * FROM sentiment WHERE tweet LIKE ? ORDER BY unix DESC LIMIT 1000': database is locked
Execution failed on sql 'SELECT * FROM sentiment WHERE tweet LIKE ? ORDER BY unix DESC LIMIT 1000': database is locked
Execution failed on sql 'SELECT * FROM sentiment WHERE tweet LIKE ? ORDER BY unix DESC LIMIT 1000': database is locked
Execution failed on sql 'SELECT * FROM sentiment WHERE tweet LIKE ? ORDER BY unix DESC LIMIT 1000': database is locked
Execution failed on sql 'SELECT * FROM sentiment WHERE tweet LIKE ? ORDER BY unix DESC LIMIT 1000': database is locked
Execution failed on sql 'SELECT * FROM sentiment WHERE tweet LIKE ? ORDER BY unix DESC LIMIT 1000': database is locked
Execution failed on sql 'SELECT * FROM sentiment WHERE tweet LIKE ? ORDER BY unix DESC LIMIT 1000': database is locked
Execution failed on sql 'SELECT * FROM sentiment WHERE tweet LIKE ? ORDER BY unix DESC LIMIT 1000': database is locked
Execution failed on sql 'SELECT * FROM sentiment WHERE tweet LIKE ? ORDER BY unix DESC LIMIT 1000': database is locked
Execution failed on sql 'SELECT * FROM sentiment WHERE tweet LIKE ? ORDER BY unix DESC LIMIT 1000': database is locked
Execution failed on sql 'SELECT * FROM sentiment WHERE tweet LIKE ? ORDER BY unix DESC LIMIT 1000': database is locked
Execution failed on sql 'SELECT * FROM sentiment WHERE tweet LIKE ? ORDER BY unix DESC LIMIT 1000': database is locked
Execution failed on sql 'SELECT * FROM sentiment WHERE tweet LIKE ? ORDER BY unix DESC LIMIT 1000': database is locked
Execution failed on sql 'SELECT * FROM sentiment WHERE tweet LIKE ? ORDER BY unix DESC LIMIT 1000': database is locked
Execution failed on sql 'SELECT * FROM sentiment WHERE tweet LIKE ? ORDER BY unix DESC LIMIT 1000': database is locked
Execution failed on sql 'SELECT * FROM sentiment WHERE tweet LIKE ? ORDER BY unix DESC LIMIT 1000': database is locked
Execution failed on sql 'SELECT * FROM sentiment WHERE tweet LIKE ? ORDER BY unix DESC LIMIT 1000': database is locked
Execution failed on sql 'SELECT * FROM sentiment WHERE tweet LIKE ? ORDER BY unix DESC LIMIT 1000': database is locked
Execution failed on sql 'SELECT * FROM sentiment WHERE tweet LIKE ? ORDER BY unix DESC LIMIT 1000': database is locked
Execution failed on sql 'SELECT * FROM sentiment WHERE tweet LIKE ? ORDER BY unix DESC LIMIT 1000': database is locked
Execution failed on sql 'SELECT * FROM sentiment WHERE tweet LIKE ? ORDER BY unix DESC LIMIT 1000': database is locked
Execution failed on sql 'SELECT * FROM sentiment WHERE tweet LIKE ? ORDER BY unix DESC LIMIT 1000': database is locked
Execution failed on sql 'SELECT * FROM sentiment WHERE tweet LIKE ? ORDER BY unix DESC LIMIT 1000': database is locked
Execution failed on sql 'SELECT * FROM sentiment WHERE tweet LIKE ? ORDER BY unix DESC LIMIT 1000': database is locked
Execution failed on sql 'SELECT * FROM sentiment WHERE tweet LIKE ? ORDER BY unix DESC LIMIT 1000': database is locked
Execution failed on sql 'SELECT * FROM sentiment WHERE tweet LIKE ? ORDER BY unix DESC LIMIT 1000': database is locked
Execution failed on sql 'SELECT * FROM sentiment WHERE tweet LIKE ? ORDER BY unix DESC LIMIT 1000': database is locked
Execution failed on sql 'SELECT * FROM sentiment WHERE tweet LIKE ? ORDER BY unix DESC LIMIT 1000': database is locked
Execution failed on sql 'SELECT * FROM sentiment WHERE tweet LIKE ? ORDER BY unix DESC LIMIT 1000': database is locked
Execution failed on sql 'SELECT * FROM sentiment WHERE tweet LIKE ? ORDER BY unix DESC LIMIT 1000': database is locked
Execution failed on sql 'SELECT * FROM sentiment WHERE tweet LIKE ? ORDER BY unix DESC LIMIT 1000': database is locked
Execution failed on sql 'SELECT * FROM sentiment WHERE tweet LIKE ? ORDER BY unix DESC LIMIT 1000': database is locked
Execution failed on sql 'SELECT * FROM sentiment WHERE tweet LIKE ? ORDER BY unix DESC LIMIT 1000': database is locked
Execution failed on sql 'SELECT * FROM sentiment WHERE tweet LIKE ? ORDER BY unix DESC LIMIT 1000': database is locked
Execution failed on sql 'SELECT * FROM sentiment WHERE tweet LIKE ? ORDER BY unix DESC LIMIT 1000': database is locked
Execution failed on sql 'SELECT * FROM sentiment WHERE tweet LIKE ? ORDER BY unix DESC LIMIT 1000': database is locked
Execution failed on sql 'SELECT * FROM sentiment WHERE tweet LIKE ? ORDER BY unix DESC LIMIT 1000': database is locked
Execution failed on sql 'SELECT * FROM sentiment WHERE tweet LIKE ? ORDER BY unix DESC LIMIT 1000': database is locked
Execution failed on sql 'SELECT * FROM sentiment WHERE tweet LIKE ? ORDER BY unix DESC LIMIT 1000': database is locked
Execution failed on sql 'SELECT * FROM sentiment WHERE tweet LIKE ? ORDER BY unix DESC LIMIT 1000': database is locked
Execution failed on sql 'SELECT * FROM sentiment WHERE tweet LIKE ? ORDER BY unix DESC LIMIT 1000': database is locked
Execution failed on sql 'SELECT * FROM sentiment WHERE tweet LIKE ? ORDER BY unix DESC LIMIT 1000': database is locked
Execution failed on sql 'SELECT * FROM sentiment WHERE tweet LIKE ? ORDER BY unix DESC LIMIT 1000': database is locked
Execution failed on sql 'SELECT * FROM sentiment WHERE tweet LIKE ? ORDER BY unix DESC LIMIT 1000': database is locked
Execution failed on sql 'SELECT * FROM sentiment WHERE tweet LIKE ? ORDER BY unix DESC LIMIT 1000': database is locked
Execution failed on sql 'SELECT * FROM sentiment WHERE tweet LIKE ? ORDER BY unix DESC LIMIT 1000': database is locked
Execution failed on sql 'SELECT * FROM sentiment WHERE tweet LIKE ? ORDER BY unix DESC LIMIT 1000': database is locked
Execution failed on sql 'SELECT * FROM sentiment WHERE tweet LIKE ? ORDER BY unix DESC LIMIT 1000': database is locked
Execution failed on sql 'SELECT * FROM sentiment WHERE tweet LIKE ? ORDER BY unix DESC LIMIT 1000': database is locked
Execution failed on sql 'SELECT * FROM sentiment WHERE tweet LIKE ? ORDER BY unix DESC LIMIT 1000': database is locked
Execution failed on sql 'SELECT * FROM sentiment WHERE tweet LIKE ? ORDER BY unix DESC LIMIT 1000': database is locked
Execution failed on sql 'SELECT * FROM sentiment WHERE tweet LIKE ? ORDER BY unix DESC LIMIT 1000': database is locked
Execution failed on sql 'SELECT * FROM sentiment WHERE tweet LIKE ? ORDER BY unix DESC LIMIT 1000': database is locked
Execution failed on sql 'SELECT * FROM sentiment WHERE tweet LIKE ? ORDER BY unix DESC LIMIT 1000': database is locked
Execution failed on sql 'SELECT * FROM sentiment WHERE tweet LIKE ? ORDER BY unix DESC LIMIT 1000': database is locked
Execution failed on sql 'SELECT * FROM sentiment WHERE tweet LIKE ? ORDER BY unix DESC LIMIT 1000': database is locked
Execution failed on sql 'SELECT * FROM sentiment WHERE tweet LIKE ? ORDER BY unix DESC LIMIT 1000': database is locked
Execution failed on sql 'SELECT * FROM sentiment WHERE tweet LIKE ? ORDER BY unix DESC LIMIT 1000': database is locked
Execution failed on sql 'SELECT * FROM sentiment WHERE tweet LIKE ? ORDER BY unix DESC LIMIT 1000': database is locked
Execution failed on sql 'SELECT * FROM sentiment WHERE tweet LIKE ? ORDER BY unix DESC LIMIT 1000': database is locked
Execution failed on sql 'SELECT * FROM sentiment WHERE tweet LIKE ? ORDER BY unix DESC LIMIT 1000': database is locked
Execution failed on sql 'SELECT * FROM sentiment WHERE tweet LIKE ? ORDER BY unix DESC LIMIT 1000': database is locked
Execution failed on sql 'SELECT * FROM sentiment WHERE tweet LIKE ? ORDER BY unix DESC LIMIT 1000': database is locked
Execution failed on sql 'SELECT * FROM sentiment WHERE tweet LIKE ? ORDER BY unix DESC LIMIT 1000': database is locked
Execution failed on sql 'SELECT * FROM sentiment WHERE tweet LIKE ? ORDER BY unix DESC LIMIT 1000': database is locked
Execution failed on sql 'SELECT * FROM sentiment WHERE tweet LIKE ? ORDER BY unix DESC LIMIT 1000': database is locked
Execution failed on sql 'SELECT * FROM sentiment WHERE tweet LIKE ? ORDER BY unix DESC LIMIT 1000': database is locked
Execution failed on sql 'SELECT * FROM sentiment WHERE tweet LIKE ? ORDER BY unix DESC LIMIT 1000': database is locked
Execution failed on sql 'SELECT * FROM sentiment WHERE tweet LIKE ? ORDER BY unix DESC LIMIT 1000': database is locked
Execution failed on sql 'SELECT * FROM sentiment WHERE tweet LIKE ? ORDER BY unix DESC LIMIT 1000': database is locked
Execution failed on sql 'SELECT * FROM sentiment WHERE tweet LIKE ? ORDER BY unix DESC LIMIT 1000': database is locked
Execution failed on sql 'SELECT * FROM sentiment WHERE tweet LIKE ? ORDER BY unix DESC LIMIT 1000': database is locked
Execution failed on sql 'SELECT * FROM sentiment WHERE tweet LIKE ? ORDER BY unix DESC LIMIT 1000': database is locked
Execution failed on sql 'SELECT * FROM sentiment WHERE tweet LIKE ? ORDER BY unix DESC LIMIT 1000': database is locked
Execution failed on sql 'SELECT * FROM sentiment WHERE tweet LIKE ? ORDER BY unix DESC LIMIT 1000': database is locked
Execution failed on sql 'SELECT * FROM sentiment WHERE tweet LIKE ? ORDER BY unix DESC LIMIT 1000': database is locked
Execution failed on sql 'SELECT * FROM sentiment WHERE tweet LIKE ? ORDER BY unix DESC LIMIT 1000': database is locked
Execution failed on sql 'SELECT * FROM sentiment WHERE tweet LIKE ? ORDER BY unix DESC LIMIT 1000': database is locked
Execution failed on sql 'SELECT * FROM sentiment WHERE tweet LIKE ? ORDER BY unix DESC LIMIT 1000': database is locked
Execution failed on sql 'SELECT * FROM sentiment WHERE tweet LIKE ? ORDER BY unix DESC LIMIT 1000': database is locked
Execution failed on sql 'SELECT * FROM sentiment WHERE tweet LIKE ? ORDER BY unix DESC LIMIT 1000': database is locked
Execution failed on sql 'SELECT * FROM sentiment WHERE tweet LIKE ? ORDER BY unix DESC LIMIT 1000': database is locked
Execution failed on sql 'SELECT * FROM sentiment WHERE tweet LIKE ? ORDER BY unix DESC LIMIT 1000': database is locked
Execution failed on sql 'SELECT * FROM sentiment WHERE tweet LIKE ? ORDER BY unix DESC LIMIT 1000': database is locked
Execution failed on sql 'SELECT * FROM sentiment WHERE tweet LIKE ? ORDER BY unix DESC LIMIT 1000': database is locked
Execution failed on sql 'SELECT * FROM sentiment WHERE tweet LIKE ? ORDER BY unix DESC LIMIT 1000': database is locked
Execution failed on sql 'SELECT * FROM sentiment WHERE tweet LIKE ? ORDER BY unix DESC LIMIT 1000': database is locked
Execution failed on sql 'SELECT * FROM sentiment WHERE tweet LIKE ? ORDER BY unix DESC LIMIT 1000': database is locked
Execution failed on sql 'SELECT * FROM sentiment WHERE tweet LIKE ? ORDER BY unix DESC LIMIT 1000': database is locked
Execution failed on sql 'SELECT * FROM sentiment WHERE tweet LIKE ? ORDER BY unix DESC LIMIT 1000': database is locked
Execution failed on sql 'SELECT * FROM sentiment WHERE tweet LIKE ? ORDER BY unix DESC LIMIT 1000': database is locked
Execution failed on sql 'SELECT * FROM sentiment WHERE tweet LIKE ? ORDER BY unix DESC LIMIT 1000': database is locked
Execution failed on sql 'SELECT * FROM sentiment WHERE tweet LIKE ? ORDER BY unix DESC LIMIT 1000': database is locked
Execution failed on sql 'SELECT * FROM sentiment WHERE tweet LIKE ? ORDER BY unix DESC LIMIT 1000': database is locked
Execution failed on sql 'SELECT * FROM sentiment WHERE tweet LIKE ? ORDER BY unix DESC LIMIT 1000': database is locked
Execution failed on sql 'SELECT * FROM sentiment WHERE tweet LIKE ? ORDER BY unix DESC LIMIT 1000': database is locked
Execution failed on sql 'SELECT * FROM sentiment WHERE tweet LIKE ? ORDER BY unix DESC LIMIT 1000': database is locked
Execution failed on sql 'SELECT * FROM sentiment WHERE tweet LIKE ? ORDER BY unix DESC LIMIT 1000': database is locked
Execution failed on sql 'SELECT * FROM sentiment WHERE tweet LIKE ? ORDER BY unix DESC LIMIT 1000': database is locked
Execution failed on sql 'SELECT * FROM sentiment WHERE tweet LIKE ? ORDER BY unix DESC LIMIT 1000': database is locked
Execution failed on sql 'SELECT * FROM sentiment WHERE tweet LIKE ? ORDER BY unix DESC LIMIT 1000': database is locked
Execution failed on sql 'SELECT * FROM sentiment WHERE tweet LIKE ? ORDER BY unix DESC LIMIT 1000': database is locked
Execution failed on sql 'SELECT * FROM sentiment WHERE tweet LIKE ? ORDER BY unix DESC LIMIT 1000': database is locked
Execution failed on sql 'SELECT * FROM sentiment WHERE tweet LIKE ? ORDER BY unix DESC LIMIT 1000': database is locked
Execution failed on sql 'SELECT * FROM sentiment WHERE tweet LIKE ? ORDER BY unix DESC LIMIT 1000': database is locked
Execution failed on sql 'SELECT * FROM sentiment WHERE tweet LIKE ? ORDER BY unix DESC LIMIT 1000': database is locked
Execution failed on sql 'SELECT * FROM sentiment WHERE tweet LIKE ? ORDER BY unix DESC LIMIT 1000': database is locked
Execution failed on sql 'SELECT * FROM sentiment WHERE tweet LIKE ? ORDER BY unix DESC LIMIT 1000': database is locked
Execution failed on sql 'SELECT * FROM sentiment WHERE tweet LIKE ? ORDER BY unix DESC LIMIT 1000': database is locked
Execution failed on sql 'SELECT * FROM sentiment WHERE tweet LIKE ? ORDER BY unix DESC LIMIT 1000': database is locked
Execution failed on sql 'SELECT * FROM sentiment WHERE tweet LIKE ? ORDER BY unix DESC LIMIT 1000': database is locked
Execution failed on sql 'SELECT * FROM sentiment WHERE tweet LIKE ? ORDER BY unix DESC LIMIT 1000': database is locked
Execution failed on sql 'SELECT * FROM sentiment WHERE tweet LIKE ? ORDER BY unix DESC LIMIT 1000': database is locked
Execution failed on sql 'SELECT * FROM sentiment WHERE tweet LIKE ? ORDER BY unix DESC LIMIT 1000': database is locked
Execution failed on sql 'SELECT * FROM sentiment WHERE tweet LIKE ? ORDER BY unix DESC LIMIT 1000': database is locked
Execution failed on sql 'SELECT * FROM sentiment WHERE tweet LIKE ? ORDER BY unix DESC LIMIT 1000': database is locked
Execution failed on sql 'SELECT * FROM sentiment WHERE tweet LIKE ? ORDER BY unix DESC LIMIT 1000': database is locked
Execution failed on sql 'SELECT * FROM sentiment WHERE tweet LIKE ? ORDER BY unix DESC LIMIT 1000': database is locked
Execution failed on sql 'SELECT * FROM sentiment WHERE tweet LIKE ? ORDER BY unix DESC LIMIT 1000': database is locked
Execution failed on sql 'SELECT * FROM sentiment WHERE tweet LIKE ? ORDER BY unix DESC LIMIT 1000': database is locked
Execution failed on sql 'SELECT * FROM sentiment WHERE tweet LIKE ? ORDER BY unix DESC LIMIT 1000': database is locked
Execution failed on sql 'SELECT * FROM sentiment WHERE tweet LIKE ? ORDER BY unix DESC LIMIT 1000': database is locked
Execution failed on sql 'SELECT * FROM sentiment WHERE tweet LIKE ? ORDER BY unix DESC LIMIT 1000': database is locked
Execution failed on sql 'SELECT * FROM sentiment WHERE tweet LIKE ? ORDER BY unix DESC LIMIT 1000': database is locked
Execution failed on sql 'SELECT * FROM sentiment WHERE tweet LIKE ? ORDER BY unix DESC LIMIT 1000': database is locked
Execution failed on sql 'SELECT * FROM sentiment WHERE tweet LIKE ? ORDER BY unix DESC LIMIT 1000': database is locked
Execution failed on sql 'SELECT * FROM sentiment WHERE tweet LIKE ? ORDER BY unix DESC LIMIT 1000': database is locked
Execution failed on sql 'SELECT * FROM sentiment WHERE tweet LIKE ? ORDER BY unix DESC LIMIT 1000': database is locked
Execution failed on sql 'SELECT * FROM sentiment WHERE tweet LIKE ? ORDER BY unix DESC LIMIT 1000': database is locked
Execution failed on sql 'SELECT * FROM sentiment WHERE tweet LIKE ? ORDER BY unix DESC LIMIT 1000': database is locked
Execution failed on sql 'SELECT * FROM sentiment WHERE tweet LIKE ? ORDER BY unix DESC LIMIT 1000': database is locked
Execution failed on sql 'SELECT * FROM sentiment WHERE tweet LIKE ? ORDER BY unix DESC LIMIT 1000': database is locked
Execution failed on sql 'SELECT * FROM sentiment WHERE tweet LIKE ? ORDER BY unix DESC LIMIT 1000': database is locked
Execution failed on sql 'SELECT * FROM sentiment WHERE tweet LIKE ? ORDER BY unix DESC LIMIT 1000': database is locked
Execution failed on sql 'SELECT * FROM sentiment WHERE tweet LIKE ? ORDER BY unix DESC LIMIT 1000': database is locked
Execution failed on sql 'SELECT * FROM sentiment WHERE tweet LIKE ? ORDER BY unix DESC LIMIT 1000': database is locked
Execution failed on sql 'SELECT * FROM sentiment WHERE tweet LIKE ? ORDER BY unix DESC LIMIT 1000': database is locked
